Main Memory Contents:

65526		: 34
65527		: 21
65528		: 13
65529		: 8
65530		: 5
65531		: 3
65532		: 2
65533		: 1
65534		: 1
65535		: 0
