Main Memory Contents:

0		: 80
1		: 70
2		: 60
3		: 50
4		: 40
5		: 30
6		: 20
7		: 10
